// Jest Snapshot v1, https://goo.gl/fbAQLP

exports[`SubmitButton Matches its working state 1`] = `
Object {
  "content": null,
  "row_content": Array [
    Object {
      "content": "Submit",
      "id": "submit-btn",
      "onclick": Object {
        "action": "submit-form-content",
        "id": "test",
      },
      "style_content": Object {
        "background-color": "#ffcc00",
        "border-radius": 5,
        "color": "#ffffff",
        "margin": "10 20 0 20",
        "padding": "10 20 10 20",
        "text-align": "center",
        "width": "100%",
      },
      "type": "msg-plain",
    },
  ],
  "style_content": Object {
    "text-align": "center",
  },
  "type": "row",
}
`;
